// Jest Snapshot v1, https://goo.gl/fbAQLP

exports[`Title should have the text passed 1`] = `
<h1
  className="Title"
>
  Simple Test
</h1>
`;
